// Jest Snapshot v1, https://goo.gl/fbAQLP

exports[`base reducer initializes state 1`] = `
Object {
  "fullscreenLoader": false,
  "userMenu": false,
}
`;
