// Jest Snapshot v1, https://goo.gl/fbAQLP

exports[`user reducer initializes state 1`] = `
Object {
  "processed": false,
  "user": null,
}
`;
